// Jest Snapshot v1, https://goo.gl/fbAQLP

exports[`custom params 1`] = `
Object {
  "id": 1,
  "title": "test",
}
`;
