// Jest Snapshot v1, https://goo.gl/fbAQLP

exports[`render empty list 1`] = `
Object {
  "data": Array [
    Object {
      "id": 1,
      "value": "test",
    },
  ],
  "meta": Object {
    "hasNextPage": false,
  },
}
`;
